== bipred benchmark regeneration ==
python:   /Users/au507860/anaconda3/envs/ldpred3/bin/python
versions: numpy 2.4.6 numba 0.66.0 ldpred3 0.6.1 bipred 0.3.10.dev0
backend:  msprime msprime-v1
revision: bf5236a1e473805fd2624d1f45a484b15bbd19fa
source:   clean
ldpred3 source: {"expected_revision": "af5d92c7aab6a5b67d15c94ebe28b89e33f5d69d", "identity": "git", "location": "/Users/au507860/REPOS/ldpred3/ldpred3", "revision": "af5d92c7aab6a5b67d15c94ebe28b89e33f5d69d", "source_clean": true, "source_tree_sha256": "419b2a15e02fb28cdd887f0bda2693603a8db1c7924365c188bb05f568096319", "version": "0.6.1"}

--- rg_architectures : started 06:53:15 ---
Genetic correlation across architectures — realistic non-repeating LD (m=5000, 25 unique coalescent blocks, Nref=4000, N1=50000/N2=20000, 10 reps)

OMP: Info #276: omp_set_nested routine deprecated, please use omp_set_max_active_levels instead.
/Users/au507860/REPOS/bipred/bipred/bivariate.py:1869: RuntimeWarning: Implausible bivariate fit: the fitted causal fraction is 0.79. This usually means the LD reference is too small or too weakly regularised for its block size, which distorts h2 and the causal fraction. Besides being statistically suspect, it makes the sampler markedly slower, because the per-variant LD row update then fires for almost every variant. Consider a larger LD reference panel, smaller blocks, or shrinking the LD blocks (ldpred3.shrink_ld_blocks).
  return _ldpred3_auto_bivariate_prepared_inner(prepared, options, start,
/Users/au507860/REPOS/bipred/bipred/bivariate.py:1869: RuntimeWarning: Implausible bivariate fit: the fitted causal fraction is 0.71. This usually means the LD reference is too small or too weakly regularised for its block size, which distorts h2 and the causal fraction. Besides being statistically suspect, it makes the sampler markedly slower, because the per-variant LD row update then fires for almost every variant. Consider a larger LD reference panel, smaller blocks, or shrinking the LD blocks (ldpred3.shrink_ld_blocks).
  return _ldpred3_auto_bivariate_prepared_inner(prepared, options, start,
/Users/au507860/REPOS/bipred/bipred/bivariate.py:1869: RuntimeWarning: Implausible bivariate fit: the fitted causal fraction is 0.66. This usually means the LD reference is too small or too weakly regularised for its block size, which distorts h2 and the causal fraction. Besides being statistically suspect, it makes the sampler markedly slower, because the per-variant LD row update then fires for almost every variant. Consider a larger LD reference panel, smaller blocks, or shrinking the LD blocks (ldpred3.shrink_ld_blocks).
  return _ldpred3_auto_bivariate_prepared_inner(prepared, options, start,
/Users/au507860/REPOS/bipred/bipred/bivariate.py:1869: RuntimeWarning: Implausible bivariate fit: the fitted causal fraction is 0.64. This usually means the LD reference is too small or too weakly regularised for its block size, which distorts h2 and the causal fraction. Besides being statistically suspect, it makes the sampler markedly slower, because the per-variant LD row update then fires for almost every variant. Consider a larger LD reference panel, smaller blocks, or shrinking the LD blocks (ldpred3.shrink_ld_blocks).
  return _ldpred3_auto_bivariate_prepared_inner(prepared, options, start,
/Users/au507860/REPOS/bipred/bipred/bivariate.py:1869: RuntimeWarning: Implausible bivariate fit: the fitted causal fraction is 0.68. This usually means the LD reference is too small or too weakly regularised for its block size, which distorts h2 and the causal fraction. Besides being statistically suspect, it makes the sampler markedly slower, because the per-variant LD row update then fires for almost every variant. Consider a larger LD reference panel, smaller blocks, or shrinking the LD blocks (ldpred3.shrink_ld_blocks).
  return _ldpred3_auto_bivariate_prepared_inner(prepared, options, start,
/Users/au507860/REPOS/bipred/bipred/bivariate.py:1869: RuntimeWarning: Implausible bivariate fit: the fitted causal fraction is 0.83. This usually means the LD reference is too small or too weakly regularised for its block size, which distorts h2 and the causal fraction. Besides being statistically suspect, it makes the sampler markedly slower, because the per-variant LD row update then fires for almost every variant. Consider a larger LD reference panel, smaller blocks, or shrinking the LD blocks (ldpred3.shrink_ld_blocks).
  return _ldpred3_auto_bivariate_prepared_inner(prepared, options, start,
/Users/au507860/REPOS/bipred/bipred/bivariate.py:1869: RuntimeWarning: Implausible bivariate fit: the fitted causal fraction is 0.69. This usually means the LD reference is too small or too weakly regularised for its block size, which distorts h2 and the causal fraction. Besides being statistically suspect, it makes the sampler markedly slower, because the per-variant LD row update then fires for almost every variant. Consider a larger LD reference panel, smaller blocks, or shrinking the LD blocks (ldpred3.shrink_ld_blocks).
  return _ldpred3_auto_bivariate_prepared_inner(prepared, options, start,
/Users/au507860/REPOS/bipred/bipred/bivariate.py:1869: RuntimeWarning: Implausible bivariate fit: the fitted causal fraction is 0.72. This usually means the LD reference is too small or too weakly regularised for its block size, which distorts h2 and the causal fraction. Besides being statistically suspect, it makes the sampler markedly slower, because the per-variant LD row update then fires for almost every variant. Consider a larger LD reference panel, smaller blocks, or shrinking the LD blocks (ldpred3.shrink_ld_blocks).
  return _ldpred3_auto_bivariate_prepared_inner(prepared, options, start,
/Users/au507860/REPOS/bipred/bipred/bivariate.py:1869: RuntimeWarning: Implausible bivariate fit: the fitted causal fraction is 0.84. This usually means the LD reference is too small or too weakly regularised for its block size, which distorts h2 and the causal fraction. Besides being statistically suspect, it makes the sampler markedly slower, because the per-variant LD row update then fires for almost every variant. Consider a larger LD reference panel, smaller blocks, or shrinking the LD blocks (ldpred3.shrink_ld_blocks).
  return _ldpred3_auto_bivariate_prepared_inner(prepared, options, start,
/Users/au507860/REPOS/bipred/bipred/bivariate.py:1869: RuntimeWarning: Implausible bivariate fit: the fitted causal fraction is 0.62. This usually means the LD reference is too small or too weakly regularised for its block size, which distorts h2 and the causal fraction. Besides being statistically suspect, it makes the sampler markedly slower, because the per-variant LD row update then fires for almost every variant. Consider a larger LD reference panel, smaller blocks, or shrinking the LD blocks (ldpred3.shrink_ld_blocks).
  return _ldpred3_auto_bivariate_prepared_inner(prepared, options, start,
  infinitesimal target= 0.0 realized=-0.0101±0.0295 | LDSC -0.0075±0.0785 | LDpred3 -0.0126±0.0348 | t: LDSC 0.022s / LDpred3 0.18s
/Users/au507860/REPOS/bipred/bipred/bivariate.py:1869: RuntimeWarning: Implausible bivariate fit: the fitted causal fraction is 0.76. This usually means the LD reference is too small or too weakly regularised for its block size, which distorts h2 and the causal fraction. Besides being statistically suspect, it makes the sampler markedly slower, because the per-variant LD row update then fires for almost every variant. Consider a larger LD reference panel, smaller blocks, or shrinking the LD blocks (ldpred3.shrink_ld_blocks).
  return _ldpred3_auto_bivariate_prepared_inner(prepared, options, start,
/Users/au507860/REPOS/bipred/bipred/bivariate.py:1869: RuntimeWarning: Implausible bivariate fit: the fitted causal fraction is 0.73. This usually means the LD reference is too small or too weakly regularised for its block size, which distorts h2 and the causal fraction. Besides being statistically suspect, it makes the sampler markedly slower, because the per-variant LD row update then fires for almost every variant. Consider a larger LD reference panel, smaller blocks, or shrinking the LD blocks (ldpred3.shrink_ld_blocks).
  return _ldpred3_auto_bivariate_prepared_inner(prepared, options, start,
/Users/au507860/REPOS/bipred/bipred/bivariate.py:1869: RuntimeWarning: Implausible bivariate fit: the fitted causal fraction is 0.75. This usually means the LD reference is too small or too weakly regularised for its block size, which distorts h2 and the causal fraction. Besides being statistically suspect, it makes the sampler markedly slower, because the per-variant LD row update then fires for almost every variant. Consider a larger LD reference panel, smaller blocks, or shrinking the LD blocks (ldpred3.shrink_ld_blocks).
  return _ldpred3_auto_bivariate_prepared_inner(prepared, options, start,
/Users/au507860/REPOS/bipred/bipred/bivariate.py:1869: RuntimeWarning: Implausible bivariate fit: the fitted causal fraction is 0.77. This usually means the LD reference is too small or too weakly regularised for its block size, which distorts h2 and the causal fraction. Besides being statistically suspect, it makes the sampler markedly slower, because the per-variant LD row update then fires for almost every variant. Consider a larger LD reference panel, smaller blocks, or shrinking the LD blocks (ldpred3.shrink_ld_blocks).
  return _ldpred3_auto_bivariate_prepared_inner(prepared, options, start,
/Users/au507860/REPOS/bipred/bipred/bivariate.py:1869: RuntimeWarning: Implausible bivariate fit: the fitted causal fraction is 0.59. This usually means the LD reference is too small or too weakly regularised for its block size, which distorts h2 and the causal fraction. Besides being statistically suspect, it makes the sampler markedly slower, because the per-variant LD row update then fires for almost every variant. Consider a larger LD reference panel, smaller blocks, or shrinking the LD blocks (ldpred3.shrink_ld_blocks).
  return _ldpred3_auto_bivariate_prepared_inner(prepared, options, start,
  infinitesimal target= 0.2 realized=0.2252±0.0453 | LDSC 0.2268±0.0668 | LDpred3 0.2209±0.0479 | t: LDSC 0.028s / LDpred3 0.18s
/Users/au507860/REPOS/bipred/bipred/bivariate.py:1869: RuntimeWarning: Implausible bivariate fit: the fitted causal fraction is 0.70. This usually means the LD reference is too small or too weakly regularised for its block size, which distorts h2 and the causal fraction. Besides being statistically suspect, it makes the sampler markedly slower, because the per-variant LD row update then fires for almost every variant. Consider a larger LD reference panel, smaller blocks, or shrinking the LD blocks (ldpred3.shrink_ld_blocks).
  return _ldpred3_auto_bivariate_prepared_inner(prepared, options, start,
/Users/au507860/REPOS/bipred/bipred/bivariate.py:1869: RuntimeWarning: Implausible bivariate fit: the fitted causal fraction is 0.60. This usually means the LD reference is too small or too weakly regularised for its block size, which distorts h2 and the causal fraction. Besides being statistically suspect, it makes the sampler markedly slower, because the per-variant LD row update then fires for almost every variant. Consider a larger LD reference panel, smaller blocks, or shrinking the LD blocks (ldpred3.shrink_ld_blocks).
  return _ldpred3_auto_bivariate_prepared_inner(prepared, options, start,
/Users/au507860/REPOS/bipred/bipred/bivariate.py:1869: RuntimeWarning: Implausible bivariate fit: the fitted causal fraction is 0.61. This usually means the LD reference is too small or too weakly regularised for its block size, which distorts h2 and the causal fraction. Besides being statistically suspect, it makes the sampler markedly slower, because the per-variant LD row update then fires for almost every variant. Consider a larger LD reference panel, smaller blocks, or shrinking the LD blocks (ldpred3.shrink_ld_blocks).
  return _ldpred3_auto_bivariate_prepared_inner(prepared, options, start,
/Users/au507860/REPOS/bipred/bipred/bivariate.py:1869: RuntimeWarning: Implausible bivariate fit: the fitted causal fraction is 0.54. This usually means the LD reference is too small or too weakly regularised for its block size, which distorts h2 and the causal fraction. Besides being statistically suspect, it makes the sampler markedly slower, because the per-variant LD row update then fires for almost every variant. Consider a larger LD reference panel, smaller blocks, or shrinking the LD blocks (ldpred3.shrink_ld_blocks).
  return _ldpred3_auto_bivariate_prepared_inner(prepared, options, start,
  infinitesimal target= 0.4 realized=0.4035±0.0166 | LDSC 0.4189±0.057 | LDpred3 0.3927±0.0229 | t: LDSC 0.023s / LDpred3 0.17s
/Users/au507860/REPOS/bipred/bipred/bivariate.py:1869: RuntimeWarning: Implausible bivariate fit: the fitted causal fraction is 0.57. This usually means the LD reference is too small or too weakly regularised for its block size, which distorts h2 and the causal fraction. Besides being statistically suspect, it makes the sampler markedly slower, because the per-variant LD row update then fires for almost every variant. Consider a larger LD reference panel, smaller blocks, or shrinking the LD blocks (ldpred3.shrink_ld_blocks).
  return _ldpred3_auto_bivariate_prepared_inner(prepared, options, start,
/Users/au507860/REPOS/bipred/bipred/bivariate.py:1869: RuntimeWarning: Implausible bivariate fit: the fitted causal fraction is 0.58. This usually means the LD reference is too small or too weakly regularised for its block size, which distorts h2 and the causal fraction. Besides being statistically suspect, it makes the sampler markedly slower, because the per-variant LD row update then fires for almost every variant. Consider a larger LD reference panel, smaller blocks, or shrinking the LD blocks (ldpred3.shrink_ld_blocks).
  return _ldpred3_auto_bivariate_prepared_inner(prepared, options, start,
/Users/au507860/REPOS/bipred/bipred/bivariate.py:1869: RuntimeWarning: Implausible bivariate fit: the fitted causal fraction is 0.55. This usually means the LD reference is too small or too weakly regularised for its block size, which distorts h2 and the causal fraction. Besides being statistically suspect, it makes the sampler markedly slower, because the per-variant LD row update then fires for almost every variant. Consider a larger LD reference panel, smaller blocks, or shrinking the LD blocks (ldpred3.shrink_ld_blocks).
  return _ldpred3_auto_bivariate_prepared_inner(prepared, options, start,
/Users/au507860/REPOS/bipred/bipred/bivariate.py:1869: RuntimeWarning: Implausible bivariate fit: the fitted causal fraction is 0.51. This usually means the LD reference is too small or too weakly regularised for its block size, which distorts h2 and the causal fraction. Besides being statistically suspect, it makes the sampler markedly slower, because the per-variant LD row update then fires for almost every variant. Consider a larger LD reference panel, smaller blocks, or shrinking the LD blocks (ldpred3.shrink_ld_blocks).
  return _ldpred3_auto_bivariate_prepared_inner(prepared, options, start,
/Users/au507860/REPOS/bipred/bipred/bivariate.py:1869: RuntimeWarning: Implausible bivariate fit: the fitted causal fraction is 0.65. This usually means the LD reference is too small or too weakly regularised for its block size, which distorts h2 and the causal fraction. Besides being statistically suspect, it makes the sampler markedly slower, because the per-variant LD row update then fires for almost every variant. Consider a larger LD reference panel, smaller blocks, or shrinking the LD blocks (ldpred3.shrink_ld_blocks).
  return _ldpred3_auto_bivariate_prepared_inner(prepared, options, start,
/Users/au507860/REPOS/bipred/bipred/bivariate.py:1869: RuntimeWarning: Implausible bivariate fit: the fitted causal fraction is 0.53. This usually means the LD reference is too small or too weakly regularised for its block size, which distorts h2 and the causal fraction. Besides being statistically suspect, it makes the sampler markedly slower, because the per-variant LD row update then fires for almost every variant. Consider a larger LD reference panel, smaller blocks, or shrinking the LD blocks (ldpred3.shrink_ld_blocks).
  return _ldpred3_auto_bivariate_prepared_inner(prepared, options, start,
  infinitesimal target= 0.6 realized=0.5944±0.0166 | LDSC 0.6042±0.0276 | LDpred3 0.5762±0.0169 | t: LDSC 0.026s / LDpred3 0.16s
/Users/au507860/REPOS/bipred/bipred/bivariate.py:1869: RuntimeWarning: Implausible bivariate fit: the fitted causal fraction is 0.52. This usually means the LD reference is too small or too weakly regularised for its block size, which distorts h2 and the causal fraction. Besides being statistically suspect, it makes the sampler markedly slower, because the per-variant LD row update then fires for almost every variant. Consider a larger LD reference panel, smaller blocks, or shrinking the LD blocks (ldpred3.shrink_ld_blocks).
  return _ldpred3_auto_bivariate_prepared_inner(prepared, options, start,
  infinitesimal target= 0.8 realized=0.8007±0.0142 | LDSC 0.7999±0.0308 | LDpred3 0.7697±0.0167 | t: LDSC 0.028s / LDpred3 0.15s
  infinitesimal target=0.95 realized=0.9509±0.004 | LDSC 0.9474±0.0079 | LDpred3 0.9001±0.0042 | t: LDSC 0.031s / LDpred3 0.14s
         sparse target= 0.0 realized=0.0268±0.0916 | LDSC 0.0891±0.1745 | LDpred3 0.0358±0.0945 | t: LDSC 0.035s / LDpred3 0.08s
         sparse target= 0.2 realized=0.2194±0.1514 | LDSC  0.107±0.1778 | LDpred3 0.2172±0.1562 | t: LDSC 0.028s / LDpred3 0.08s
         sparse target= 0.4 realized=0.3932±0.1876 | LDSC 0.2589±0.2436 | LDpred3  0.393±0.1909 | t: LDSC 0.022s / LDpred3 0.08s
         sparse target= 0.6 realized=0.5618±0.1062 | LDSC 0.5333±0.1404 | LDpred3 0.5647±0.1065 | t: LDSC 0.024s / LDpred3 0.08s
         sparse target= 0.8 realized=0.8051±0.0307 | LDSC 0.8142±0.0647 | LDpred3 0.8058±0.0332 | t: LDSC 0.029s / LDpred3 0.08s
         sparse target=0.95 realized=0.9466±0.0145 | LDSC 0.9136±0.0597 | LDpred3 0.9454±0.0127 | t: LDSC 0.034s / LDpred3 0.08s
       moderate target= 0.0 realized=0.0059±0.0732 | LDSC -0.0185±0.1193 | LDpred3 0.0073±0.0771 | t: LDSC 0.023s / LDpred3 0.09s
       moderate target= 0.2 realized=0.1962±0.0582 | LDSC 0.2175±0.1333 | LDpred3 0.1961±0.0605 | t: LDSC 0.025s / LDpred3 0.09s
       moderate target= 0.4 realized=0.3826±0.0613 | LDSC 0.3753±0.065 | LDpred3 0.3786±0.0623 | t: LDSC 0.027s / LDpred3 0.09s
       moderate target= 0.6 realized=0.5801±0.0372 | LDSC 0.5332±0.0644 | LDpred3 0.5742±0.0402 | t: LDSC 0.030s / LDpred3 0.09s
       moderate target= 0.8 realized=  0.78±0.0246 | LDSC 0.7467±0.0735 | LDpred3  0.775±0.0267 | t: LDSC 0.027s / LDpred3 0.09s
       moderate target=0.95 realized=0.9503±0.0098 | LDSC 0.9494±0.0247 | LDpred3 0.9353±0.0085 | t: LDSC 0.029s / LDpred3 0.09s
      polygenic target= 0.0 realized=0.0135±0.046 | LDSC 0.0417±0.146 | LDpred3 0.0071±0.0472 | t: LDSC 0.032s / LDpred3 0.12s
      polygenic target= 0.2 realized=0.2116±0.0476 | LDSC 0.2025±0.108 | LDpred3 0.2078±0.051 | t: LDSC 0.032s / LDpred3 0.12s
      polygenic target= 0.4 realized=0.4084±0.0379 | LDSC 0.4094±0.0955 | LDpred3 0.4039±0.0423 | t: LDSC 0.035s / LDpred3 0.12s
      polygenic target= 0.6 realized=0.6044±0.0263 | LDSC 0.6065±0.0627 | LDpred3 0.6036±0.0292 | t: LDSC 0.025s / LDpred3 0.11s
      polygenic target= 0.8 realized=0.7919±0.0177 | LDSC 0.7889±0.0501 | LDpred3 0.7791±0.0198 | t: LDSC 0.022s / LDpred3 0.11s
      polygenic target=0.95 realized=0.9485±0.0032 | LDSC 0.9411±0.0188 | LDpred3 0.9162±0.0047 | t: LDSC 0.021s / LDpred3 0.11s
    major_locus target= 0.0 realized=0.0781±0.1782 | LDSC 0.0027±0.2436 | LDpred3 0.0791±0.1792 | t: LDSC 0.023s / LDpred3 0.08s
    major_locus target= 0.2 realized=0.2788±0.1091 | LDSC 0.2618±0.1627 [1 fail] | LDpred3 0.2847±0.1107 | t: LDSC 0.022s / LDpred3 0.08s
    major_locus target= 0.4 realized=0.3502±0.2249 | LDSC 0.2867±0.3223 | LDpred3  0.355±0.226 | t: LDSC 0.022s / LDpred3 0.08s
    major_locus target= 0.6 realized=0.6021±0.0993 | LDSC 0.5546±0.139 [1 fail] | LDpred3 0.6052±0.1013 | t: LDSC 0.027s / LDpred3 0.08s
    major_locus target= 0.8 realized=0.7873±0.0539 | LDSC 0.7422±0.1241 [1 fail] | LDpred3 0.7838±0.0556 | t: LDSC 0.020s / LDpred3 0.08s
    major_locus target=0.95 realized=0.9455±0.019 | LDSC 0.9672±0.0573 [1 fail] | LDpred3  0.939±0.0183 | t: LDSC 0.019s / LDpred3 0.08s

mean time/fit: LDSC 26.4 ms, bivariate LDpred3 0.10 s | peak RSS 0.39 GB
wrote /Users/au507860/REPOS/bipred/benchmarks/rg_architectures.csv  (44s)
--- rg_architectures : ok in 47s ---
--- rg_polygenicity : started 06:54:02 ---
Genetic correlation vs polygenicity — realistic non-repeating LD (m=5,000 = 25x200, target effect corr=0.5, Nref=4000, N1=50000/N2=20000, 5 reps)

OMP: Info #276: omp_set_nested routine deprecated, please use omp_set_max_active_levels instead.
       p |     n causal |    realized rg |        rg LDSC |     rg LDpred3
------------------------------------------------------------------------------
     0.1 |  492.6±28.0 |  0.4935±0.0303 |  0.4681±0.0934 |  0.4964±0.0341
    0.01 |   45.2±6.9  |  0.4245±0.0707 |  0.2745±0.2061 |  0.4283±0.0658
   0.001 |    3.6±1.0  |  0.3204±0.589  |  0.5181±0.5315 |  0.3153±0.59  
  0.0001 |    1.0±0.0  |     0.6±0.8    |   0.134±0.7552 [3f] |  0.5875±0.7909

peak RSS 0.25 GB  (incl. the one-time LD build)  | total 2s
wrote /Users/au507860/REPOS/bipred/benchmarks/rg_polygenicity.csv
--- rg_polygenicity : ok in 3s ---
--- rg_methods : started 06:54:05 ---
Genetic-correlation estimators — realistic LD (m=5000, 25 blocks, Nref=4000)
OMP: Info #276: omp_set_nested routine deprecated, please use omp_set_max_active_levels instead.

== accuracy: symmetric (N1=50000 N2=50000, rho_beta=0.9, m=5000, 6 reps) ==
rg target/realized |         ldsc       uni_gv       uni_r2          biv   biv_decorr
  0.00/0.03   |   0.08±0.07    0.04±0.02    0.04±0.02    0.03±0.02    0.04±0.02 
  0.23/0.24   |   0.25±0.12    0.23±0.05    0.23±0.05    0.24±0.05    0.24±0.05 
  0.45/0.45   |   0.41±0.08    0.43±0.02    0.43±0.02    0.45±0.02    0.46±0.02 
  0.68/0.65   |   0.63±0.06    0.63±0.03    0.63±0.03    0.65±0.03    0.66±0.03 
  0.90/0.90   |   0.90±0.01    0.87±0.01    0.87±0.01    0.89±0.01    0.92±0.01 
  mean time/fit: ldsc 0.02s uni_gv 0.87s uni_r2 0.87s biv 0.13s biv_decorr 0.13s

== accuracy: asymmetric (N1=50000 N2=10000, rho_beta=0.9, m=5000, 6 reps) ==
rg target/realized |         ldsc       uni_gv       uni_r2          biv   biv_decorr
  0.00/0.03   |   0.09±0.08    0.04±0.02    0.04±0.02    0.04±0.02    0.04±0.02 
  0.23/0.24   |   0.25±0.14    0.22±0.06    0.22±0.06    0.23±0.05    0.26±0.06 
  0.45/0.45   |   0.42±0.08    0.42±0.03    0.42±0.03    0.45±0.03    0.49±0.03 
  0.68/0.65   |   0.63±0.07    0.59±0.03    0.59±0.04    0.63±0.03    0.68±0.03 
  0.90/0.90   |   0.90±0.02    0.83±0.01    0.83±0.01    0.88±0.01    0.92±0.01 
  mean time/fit: ldsc 0.03s uni_gv 0.88s uni_r2 0.88s biv 0.13s biv_decorr 0.13s
  [accuracy done 71s]

== timing scan vs m (rho_beta=0.9, N=50000, 1 rep) ==
       m |       ldsc     uni_gv     uni_r2        biv biv_decorr
    5000 |     0.017s     0.923s     0.923s     0.133s     0.127s
   20000 |     0.186s     2.768s     2.768s     0.498s     0.494s
   50000 |     1.235s     7.291s     7.291s     1.306s     1.318s

done
--- rg_methods : ok in 95s ---
--- rg_scaling : started 06:55:40 ---
Genetic-correlation scaling with m — realistic non-repeating LD (K=200/block, target effect corr=0.5, 150+180 sweeps, single core)

       m |  LDSC (s) | LDpred3 (s) | peak GB | realized |  rg LDSC | rg LDpred3
-----------------------------------------------------------------------------------
   5,000 |     0.015 |        0.11 |    0.22 |    0.511 |    0.471 |      0.494
  10,000 |     0.067 |        0.23 |    0.25 |    0.519 |    0.460 |      0.517
  20,000 |     0.251 |        0.46 |    0.30 |    0.513 |    0.479 |      0.513
  40,000 |     0.669 |        0.92 |    0.37 |    0.518 |    0.531 |      0.519
  80,000 |     3.108 |        1.95 |    0.62 |    0.519 |    0.582 |      0.487

wrote rg_scaling.csv and rg_scaling.png
--- rg_scaling : ok in 22s ---
--- mixer_overlap : started 06:56:02 ---
MiXeR-style overlap recovery — realistic LD (m=5000, 25 blocks, Nref=4000, 8 reps, p=0.10/trait)
OMP: Info #276: omp_set_nested routine deprecated, please use omp_set_max_active_levels instead.

== overlap sweep (p=0.10/trait, rho_beta=0.8, N=50000/20000) ==
frac_shared |           est |      rho_beta | rg target/real        rg_hat rg_ovl
       0.00 |   0.04±0.02  |  -0.10±0.075 |  0.00/-0.02  -0.02±0.023  -0.01
       0.25 |   0.34±0.063 |   0.54±0.141 |  0.20/0.21    0.20±0.065   0.17
       0.50 |   0.60±0.045 |   0.58±0.058 |  0.40/0.40    0.39±0.062   0.33
       0.75 |   0.85±0.038 |   0.63±0.015 |  0.60/0.62    0.61±0.025   0.53
       1.00 |   0.98±0.005 |   0.74±0.016 |  0.80/0.80    0.79±0.012   0.72

== rho_beta sweep (p=0.10/trait, frac_shared=0.5, N=50000/20000) ==
rho_beta |  rho_beta_hat |   frac_shared | rg target/real        rg_hat
    0.00 |   0.02±0.088 |   0.53±0.056 |  0.00/0.03    0.03±0.069
    0.30 |   0.26±0.063 |   0.52±0.047 |  0.15/0.15    0.14±0.035
    0.60 |   0.48±0.038 |   0.54±0.042 |  0.30/0.28    0.27±0.032
    0.90 |   0.63±0.065 |   0.64±0.038 |  0.45/0.45    0.45±0.024

== polygenicity sweep (rho_beta=0.8, N=50000/20000) ==
 p/trait  causal  target |   frac_shared    bias | rel_poly |   rg real/hat
    0.01      50    0.25 |   0.28±0.036   +0.033 |     1.50 |  0.20/0.20 
    0.01      50    0.50 |   0.57±0.032   +0.071 |     1.57 |  0.39/0.39 
    0.01      50    0.75 |   0.80±0.062   +0.049 |     1.64 |  0.59/0.59 
                    mean |                +0.051
    0.03     150    0.25 |   0.27±0.042   +0.022 |     1.34 |  0.20/0.20 
    0.03     150    0.50 |   0.54±0.049   +0.035 |     1.30 |  0.39/0.38 
    0.03     150    0.75 |   0.77±0.077   +0.019 |     1.36 |  0.63/0.63 
                    mean |                +0.025
    0.10     500    0.25 |   0.30±0.046   +0.055 |     1.25 |  0.20/0.20 
    0.10     500    0.50 |   0.62±0.065   +0.117 |     1.27 |  0.39/0.39 
    0.10     500    0.75 |   0.84±0.041   +0.093 |     1.24 |  0.58/0.57 
                    mean |                +0.088
/Users/au507860/REPOS/bipred/bipred/bivariate.py:1869: RuntimeWarning: Implausible bivariate fit: the fitted causal fraction is 0.51. This usually means the LD reference is too small or too weakly regularised for its block size, which distorts h2 and the causal fraction. Besides being statistically suspect, it makes the sampler markedly slower, because the per-variant LD row update then fires for almost every variant. Consider a larger LD reference panel, smaller blocks, or shrinking the LD blocks (ldpred3.shrink_ld_blocks).
  return _ldpred3_auto_bivariate_prepared_inner(prepared, options, start,
/Users/au507860/REPOS/bipred/bipred/bivariate.py:1869: RuntimeWarning: Implausible bivariate fit: the fitted causal fraction is 0.50. This usually means the LD reference is too small or too weakly regularised for its block size, which distorts h2 and the causal fraction. Besides being statistically suspect, it makes the sampler markedly slower, because the per-variant LD row update then fires for almost every variant. Consider a larger LD reference panel, smaller blocks, or shrinking the LD blocks (ldpred3.shrink_ld_blocks).
  return _ldpred3_auto_bivariate_prepared_inner(prepared, options, start,
    0.30    1500    0.25 |   0.43±0.062   +0.180 |     0.98 |  0.23/0.23 
    0.30    1500    0.50 |   0.78±0.034   +0.280 |     1.04 |  0.41/0.40 
    0.30    1500    0.75 |   0.96±0.017   +0.214 |     1.03 |  0.59/0.59 
                    mean |                +0.225

== power sweep (p=0.10/trait, frac_shared=0.5, rho_beta=0.8) ==
       N  Nh2/M |   frac_shared |      rho_beta |   rg real/hat | rel_poly
    1000   0.10 |   0.79±0.034 |   0.42±0.103 |  0.42/0.33  |     0.85
    2500   0.25 |   0.79±0.082 |   0.44±0.081 |  0.39/0.35  |     1.00
    5000   0.50 |   0.75±0.063 |   0.49±0.049 |  0.43/0.41  |     1.02
   10000   1.00 |   0.64±0.101 |   0.57±0.096 |  0.41/0.39  |     1.07
   20000   2.00 |   0.63±0.063 |   0.59±0.049 |  0.41/0.40  |     1.17

== LD-match control (p=0.10/trait, frac_shared=0.5, rho_beta=0.8) ==
       N  Nh2/M | rg real |  ref pi/true  ref rg | insample pi/true  ins rg
    1000   0.10 |    0.39 |   0.86±0.094    0.30 |       0.88±0.094    0.30
    2500   0.25 |    0.41 |   0.96±0.149    0.37 |       0.95±0.175    0.37
    5000   0.50 |    0.39 |   1.03±0.087    0.38 |       0.97±0.084    0.38
   10000   1.00 |    0.39 |   1.08±0.053    0.37 |       0.99±0.055    0.37
   20000   2.00 |    0.41 |   1.14±0.073    0.41 |       0.98±0.056    0.41

== count calibration + retained-iterate inclusion (ref-panel LD, p=0.10/trait, frac_shared=0.5, rho_beta=0.8) ==
       N  Nh2/M | rel off rel ON   lam | hit off hit ON | rg real rg off  rg ON
/Users/au507860/REPOS/bipred/bipred/bivariate.py:1869: RuntimeWarning: Bivariate fit appears to have diverged: trait 1's genetic variance rose 1.28x across the retained sweeps, so the chain had not settled. Do not interpret h2 or rg from this fit. The summary statistics and LD reference are incompatible. Recheck harmonisation, reference ancestry and quality, imputation quality, per-variant sample size, and allele-frequency agreement; compare the LD-consistency sensitivity screen (bipred.qc.ld_consistency_screen). Long-range-LD exclusion is an estimator-specific sensitivity analysis, not a universal repair. Regularising the blocks (ldpred3.shrink_ld_blocks) may help, but note its size-aware rule assumes finite-panel noise: against a reference whose correlations were thresholded to zero it under-shrinks, because that distortion is structural and does not fall with reference size.
  return _ldpred3_auto_bivariate_prepared_inner(prepared, options, start,
/Users/au507860/REPOS/bipred/bipred/bivariate.py:1869: RuntimeWarning: Bivariate fit appears to have diverged: trait 1's genetic variance fell 1.33x across the retained sweeps, so the chain had not settled. Do not interpret h2 or rg from this fit. The summary statistics and LD reference are incompatible. Recheck harmonisation, reference ancestry and quality, imputation quality, per-variant sample size, and allele-frequency agreement; compare the LD-consistency sensitivity screen (bipred.qc.ld_consistency_screen). Long-range-LD exclusion is an estimator-specific sensitivity analysis, not a universal repair. Regularising the blocks (ldpred3.shrink_ld_blocks) may help, but note its size-aware rule assumes finite-panel noise: against a reference whose correlations were thresholded to zero it under-shrinks, because that distortion is structural and does not fall with reference size.
  return _ldpred3_auto_bivariate_prepared_inner(prepared, options, start,
/Users/au507860/REPOS/bipred/bipred/bivariate.py:1869: RuntimeWarning: Bivariate fit appears to have diverged: trait 1's genetic variance fell 1.27x across the retained sweeps, so the chain had not settled. Do not interpret h2 or rg from this fit. The summary statistics and LD reference are incompatible. Recheck harmonisation, reference ancestry and quality, imputation quality, per-variant sample size, and allele-frequency agreement; compare the LD-consistency sensitivity screen (bipred.qc.ld_consistency_screen). Long-range-LD exclusion is an estimator-specific sensitivity analysis, not a universal repair. Regularising the blocks (ldpred3.shrink_ld_blocks) may help, but note its size-aware rule assumes finite-panel noise: against a reference whose correlations were thresholded to zero it under-shrinks, because that distortion is structural and does not fall with reference size.
  return _ldpred3_auto_bivariate_prepared_inner(prepared, options, start,
    1000   0.10 |    0.81   0.70  1.08 | 5/8     4/8    |    0.43   0.33   0.34
/Users/au507860/REPOS/bipred/bipred/bivariate.py:1869: RuntimeWarning: Bivariate fit appears to have diverged: trait 1's genetic variance fell 1.31x across the retained sweeps, so the chain had not settled. Do not interpret h2 or rg from this fit. The summary statistics and LD reference are incompatible. Recheck harmonisation, reference ancestry and quality, imputation quality, per-variant sample size, and allele-frequency agreement; compare the LD-consistency sensitivity screen (bipred.qc.ld_consistency_screen). Long-range-LD exclusion is an estimator-specific sensitivity analysis, not a universal repair. Regularising the blocks (ldpred3.shrink_ld_blocks) may help, but note its size-aware rule assumes finite-panel noise: against a reference whose correlations were thresholded to zero it under-shrinks, because that distortion is structural and does not fall with reference size.
  return _ldpred3_auto_bivariate_prepared_inner(prepared, options, start,
    2500   0.25 |    0.97   0.81  1.13 | 6/8     4/8    |    0.36   0.34   0.36
    5000   0.50 |    1.06   0.90  1.15 | 6/8     6/8    |    0.44   0.42   0.43
   10000   1.00 |    1.11   0.92  1.21 | 4/8     5/8    |    0.38   0.38   0.39
   20000   2.00 |    1.17   1.06  1.15 | 3/8     4/8    |    0.39   0.38   0.38

== univariate-anchored calibration (ref-panel LD, p=0.10/trait, frac_shared=0.5, rho_beta=0.8, 6 reps) ==
       N  Nh2/M | joint n1/t calib n1/t | joint sh/t calib sh/t | rg real/hat
    1000   0.10 |  0.86±0.108  0.50±0.057 |       0.98       0.62 |  0.40/0.31 
    2500   0.25 |  0.94±0.076  0.64±0.051 |       1.39       0.98 |  0.39/0.36 
    5000   0.50 |  1.00±0.039  0.76±0.079 |       1.31       0.96 |  0.39/0.36 
   10000   1.00 |  1.11±0.05  0.86±0.061 |       1.48       1.14 |  0.39/0.38 
   20000   2.00 |  1.19±0.077  0.97±0.064 |       1.46       1.18 |  0.42/0.41 

wrote /Users/au507860/REPOS/bipred/benchmarks/mixer_overlap.csv  (86s)
--- mixer_overlap : ok in 88s ---
--- overlap_estimation : started 06:57:30 ---
OMP: Info #276: omp_set_nested routine deprecated, please use omp_set_max_active_levels instead.
Bivariate rg vs sample overlap (m=5000, N1=60000, N2=40000, 8 reps)

 target overlap ρ |   realized rg |  rg (cc=0) | rg (cc=true) |   Δ cc=0
------------------------------------------------------------------------------
   0.00      0.00 |  0.004±0.046 |     -0.001 |       -0.001 |    0.000
   0.00      0.20 |  0.004±0.046 |      0.012 |       -0.000 |    0.013
   0.00      0.40 |  0.004±0.046 |      0.025 |       -0.000 |    0.026
   0.50      0.00 |  0.508±0.035 |      0.504 |        0.504 |    0.000
   0.50      0.20 |  0.508±0.035 |      0.516 |        0.505 |    0.012
   0.50      0.40 |  0.508±0.035 |      0.527 |        0.505 |    0.024

The delta columns are paired against the rho=0 run. Interpret the correction from their means, SDs, and failure counts rather than as a general recovery guarantee.
wrote overlap_estimation.csv
--- overlap_estimation : ok in 12s ---
--- sample_overlap : started 06:57:42 ---
OMP: Info #276: omp_set_nested routine deprecated, please use omp_set_max_active_levels instead.
Sample overlap (rho_e=0.5) on realistic non-repeating LD (m=5000, 25 unique coalescent blocks, N1=15000/N2=15000, 8 reps)

target |   realized rg | LDSC icpt=0 | LDSC free icpt |  biv cc=0 | biv cc=rho |  t LDSC |   t biv
--------------------------------------------------------------------------------------------------------
  0.00 |  0.034±0.119 | 0.076±0.094 |    0.035±0.154 | 0.035±0.125 | 0.020±0.128 |  13.5ms |  0.08s
  0.30 |  0.328±0.096 | 0.320±0.085 |    0.312±0.147 | 0.327±0.103 | 0.315±0.104 |  13.5ms |  0.08s
  0.60 |  0.615±0.073 | 0.595±0.083 |    0.598±0.131 | 0.617±0.077 | 0.606±0.077 |  14.4ms |  0.08s

Compare corrected and uncorrected columns against realized rg; Monte Carlo variation can dominate the expected overlap shift at this power. Inspect MAE and failure counts. (4s)
wrote sample_overlap.csv
--- sample_overlap : ok in 6s ---
--- rg_env_overlap : started 06:57:48 ---
OMP: Info #276: omp_set_nested routine deprecated, please use omp_set_max_active_levels instead.
/Users/au507860/REPOS/bipred/bipred/bivariate.py:1869: RuntimeWarning: Bivariate fit appears to have diverged: trait 2 has sum(beta^2) 8.86 against a genetic variance of 0.534 (ratio 17), so its effects are largely cancelling through LD rather than adding. Do not interpret h2 or rg from this fit. The summary statistics and LD reference are incompatible. Recheck harmonisation, reference ancestry and quality, imputation quality, per-variant sample size, and allele-frequency agreement; compare the LD-consistency sensitivity screen (bipred.qc.ld_consistency_screen). Long-range-LD exclusion is an estimator-specific sensitivity analysis, not a universal repair. Regularising the blocks (ldpred3.shrink_ld_blocks) may help, but note its size-aware rule assumes finite-panel noise: against a reference whose correlations were thresholded to zero it under-shrinks, because that distortion is structural and does not fall with reference size.
  return _ldpred3_auto_bivariate_prepared_inner(prepared, options, start,
/Users/au507860/REPOS/bipred/bipred/bivariate.py:1869: RuntimeWarning: Bivariate fit appears to have diverged: trait 2 has sum(beta^2) 9.04 against a genetic variance of 0.519 (ratio 17), so its effects are largely cancelling through LD rather than adding. Do not interpret h2 or rg from this fit. The summary statistics and LD reference are incompatible. Recheck harmonisation, reference ancestry and quality, imputation quality, per-variant sample size, and allele-frequency agreement; compare the LD-consistency sensitivity screen (bipred.qc.ld_consistency_screen). Long-range-LD exclusion is an estimator-specific sensitivity analysis, not a universal repair. Regularising the blocks (ldpred3.shrink_ld_blocks) may help, but note its size-aware rule assumes finite-panel noise: against a reference whose correlations were thresholded to zero it under-shrinks, because that distortion is structural and does not fall with reference size.
  return _ldpred3_auto_bivariate_prepared_inner(prepared, options, start,
/Users/au507860/REPOS/bipred/bipred/bivariate.py:1869: RuntimeWarning: Bivariate fit appears to have diverged: trait 2 has sum(beta^2) 14.5 against a genetic variance of 0.526 (ratio 28), so its effects are largely cancelling through LD rather than adding. Do not interpret h2 or rg from this fit. The summary statistics and LD reference are incompatible. Recheck harmonisation, reference ancestry and quality, imputation quality, per-variant sample size, and allele-frequency agreement; compare the LD-consistency sensitivity screen (bipred.qc.ld_consistency_screen). Long-range-LD exclusion is an estimator-specific sensitivity analysis, not a universal repair. Regularising the blocks (ldpred3.shrink_ld_blocks) may help, but note its size-aware rule assumes finite-panel noise: against a reference whose correlations were thresholded to zero it under-shrinks, because that distortion is structural and does not fall with reference size.
  return _ldpred3_auto_bivariate_prepared_inner(prepared, options, start,
Genetic correlation under environmental overlap — real genotypes, both traits on the SAME N=20000 individuals (m=3000, h2=0.5, 20 reps)

Summary means/SDs exclude non-finite estimates and |rg| > 1.5; inspect raw runs when diagnosing divergence.

rg target/real   re |     LDSC free |   LDSC icpt=0 |      biv cc=0 |    biv cc=rho | LDSC icpt
--------------------------------------------------------------------------------------------------
 0.00/-0.02  0.0 | -0.0333±0.1336 | -0.0219±0.1325 | -0.019±0.1094 | -0.0183±0.1062 |    0.2875
 0.00/-0.00  0.3 | -0.0223±0.1388 | 0.0105±0.1207 | 0.0082±0.1015 | 0.0004±0.0994 |    0.7895
 0.00/-0.00  0.6 | -0.0235±0.1346 | 0.0129±0.1113 | 0.0159±0.0968 | -0.0008±0.0946 |    0.8712
 0.50/0.49   0.0 | 0.4909±0.0874 | 0.5078±0.0981 | 0.4996±0.0652 | 0.4882±0.064 |    0.3994
 0.50/0.49   0.6 |  0.481±0.0739 | 0.5237±0.0861 | 0.5188±0.0497 | 0.4946±0.0495 |    0.9727

CSV MAE columns compare each retained estimate with that replicate's realized genetic rg. This stress test can expose an unstable or biased correction.
wrote rg_env_overlap.csv
--- rg_env_overlap : ok in 43s ---
--- sweep_cost : started 06:58:31 ---
m=20000  k=500  median +/- MAD of 3  (private Numba cache per cell)

representation           cores  median ms    MAD ms  speed-up  fitted p
-------------------------------------------------------------------------
dense_i8                     1      0.797     0.002     1.00x    0.0093
dense_i8                     4      0.510     0.011     1.56x    0.0093

dense_f32                    1      0.799     0.029     1.00x    0.0092
dense_f32                    4      0.539     0.013     1.48x    0.0092

lr8_0.99 (rank 481)          1      2.939     0.013     1.00x    0.0094
lr8_0.99 (rank 481)          4      1.136     0.009     2.59x    0.0094

lr32_0.99 (rank 481)         1      2.513     0.012     1.00x    0.0094
lr32_0.99 (rank 481)         4      0.954     0.001     2.63x    0.0094

mixed (rank 481)             1      1.872     0.020     1.00x    0.0093
mixed (rank 481)             4      0.855     0.001     2.19x    0.0093

wrote benchmarks/sweep_cost.csv
--- sweep_cost : ok in 35s ---
--- fit_memory : started 06:59:06 ---
OMP: Info #276: omp_set_nested routine deprecated, please use omp_set_max_active_levels instead.
k=500   payload = the caller's own LD; fit peak = allocation inside the fit

representation               m  ld_int8  payload MB  fit peak MB  B/variant
---------------------------------------------------------------------------
dense_f32                50000  default      100.00         5.66      113.2
dense_f32                50000     True      100.00        30.67      613.3
dense_f32               100000  default      200.00        11.29      112.9
dense_f32               100000     True      200.00        61.32      613.2

dense_i8                 50000  default       25.00         5.66      113.1
dense_i8                100000  default       50.00        11.30      113.0

lr8_0.99 (rank 481)      50000  default       24.25         6.64      132.8
lr8_0.99 (rank 481)     100000  default       48.50        12.30      123.0

wrote benchmarks/fit_memory.csv
--- fit_memory : ok in 6s ---

all 10 scripts completed
